// Jest Snapshot v1, https://goo.gl/fbAQLP

exports[`ArticleList ArticleList Component Renders Correctly 1`] = `
<div>
  <ArticleContainer
    article={
      Object {
        "authorId": "a",
        "body": "a",
        "date": "a",
        "id": "a",
        "title": "a",
      }
    }
    key="a"
  />
  <ArticleContainer
    article={
      Object {
        "authorId": "b",
        "body": "b",
        "date": "b",
        "id": "b",
        "title": "b",
      }
    }
    key="b"
  />
</div>
`;
